// Jest Snapshot v1, https://goo.gl/fbAQLP

exports[`ArticelComponent Render ComponentCorrect 1`] = `
<View
  accessibilityState={
    {
      "busy": undefined,
      "checked": undefined,
      "disabled": undefined,
      "expanded": undefined,
      "selected": undefined,
    }
  }
  accessibilityValue={
    {
      "max": undefined,
      "min": undefined,
      "now": undefined,
      "text": undefined,
    }
  }
  accessible={true}
  collapsable={false}
  focusable={true}
  onClick={[Function]}
  onResponderGrant={[Function]}
  onResponderMove={[Function]}
  onResponderRelease={[Function]}
  onResponderTerminate={[Function]}
  onResponderTerminationRequest={[Function]}
  onStartShouldSetResponder={[Function]}
  style={
    {
      "backgroundColor": "#F9F9FF",
      "borderRadius": 8,
      "elevation": 3,
      "marginBottom": 20,
      "opacity": 1,
      "shadowColor": "#000",
      "shadowOffset": {
        "height": 2,
        "width": 0,
      },
      "shadowOpacity": 0.2,
      "shadowRadius": 4,
    }
  }
  testID="CardTestId"
>
  <View>
    <View
      style={
        [
          {
            "overflow": "hidden",
          },
          [
            {
              "height": 50,
              "marginBottom": 10,
              "width": 50,
            },
            {
              "borderTopLeftRadius": 8,
              "borderTopRightRadius": 8,
              "height": 200,
              "width": "100%",
            },
          ],
        ]
      }
    >
      <FastImageView
        defaultSource={null}
        resizeMode="cover"
        style={
          {
            "bottom": 0,
            "left": 0,
            "position": "absolute",
            "right": 0,
            "top": 0,
          }
        }
      />
    </View>
  </View>
  <View
    style={
      {
        "padding": 10,
      }
    }
  >
    <Text
      ellipsizeMode="tail"
      numberOfLines={2}
      style={
        {
          "alignSelf": "flex-start",
          "color": "#262626",
          "fontSize": 18,
          "fontWeight": "bold",
          "marginBottom": 5,
        }
      }
      testID="AuthorTestId"
    >
      Omar essam
    </Text>
    <Text
      ellipsizeMode="tail"
      numberOfLines={2}
      style={
        {
          "alignSelf": "flex-start",
          "color": "#262626",
          "fontSize": 16,
        }
      }
      testID="TitleTestId"
    >
      Example Article
    </Text>
  </View>
</View>
`;
