// Jest Snapshot v1, https://goo.gl/fbAQLP

exports[`NewsScreen Render ComponentCorrect 1`] = `
<View
  style={
    [
      {
        "backgroundColor": "#F9F9FF",
        "flex": 1,
        "paddingTop": undefined,
      },
      {
        "backgroundColor": "#F9F9FF",
        "paddingHorizontal": 27,
      },
    ]
  }
>
  <View
    style={
      [
        {
          "flexDirection": "row",
          "marginTop": 25,
          "paddingBottom": 17,
        },
      ]
    }
  >
    <View
      style={
        {
          "alignItems": "center",
          "backgroundColor": "#F9F9FF",
          "borderColor": "#000000",
          "borderRadius": 94,
          "borderWidth": 1,
          "flex": 1,
          "flexDirection": "row",
          "fontSize": 23,
          "height": 82,
          "marginRight": 12,
          "paddingLeft": 25,
          "paddingRight": 17,
        }
      }
    >
      <TextInput
        focusable={true}
        onChangeText={[Function]}
        placeholderTextColor="#919C9C"
        returnKeyType="search"
        style={
          {
            "color": "#000000",
            "flex": 1,
            "fontSize": 23,
            "textAlign": "left",
          }
        }
        testID="input"
        value=""
      />
    </View>
  </View>
  <RCTScrollView
    ListEmptyComponent={[Function]}
    contentContainerStyle={
      {
        "marginTop": 39,
        "paddingBottom": 239,
        "paddingTop": 0,
      }
    }
    data={[]}
    getItem={[Function]}
    getItemCount={[Function]}
    keyExtractor={[Function]}
    legacyImplementation={true}
    onContentSizeChange={[Function]}
    onLayout={[Function]}
    onMomentumScrollBegin={[Function]}
    onMomentumScrollEnd={[Function]}
    onScroll={[Function]}
    onScrollBeginDrag={[Function]}
    onScrollEndDrag={[Function]}
    refreshControl={
      <RefreshControlMock
        onRefresh={[Function]}
        refreshing={true}
        tintColor="#000000"
      />
    }
    removeClippedSubviews={false}
    renderItem={[Function]}
    scrollEventThrottle={0.0001}
    showsHorizontalScrollIndicator={false}
    showsVerticalScrollIndicator={false}
    stickyHeaderIndices={[]}
    testID="articlesListId"
    viewabilityConfigCallbackPairs={[]}
  >
    <RCTRefreshControl />
    <View>
      <View
        style={
          {
            "alignItems": "center",
            "flex": 1,
            "height": 256,
            "justifyContent": "center",
          }
        }
      />
    </View>
  </RCTScrollView>
</View>
`;
